[0m                                                                                                                        [0m
[0m  [0m[36m  0[0m[1m[[0m[31m||||[0m[1;90m              14.3%[0m[1m][0m [0m[36m  4[0m[1m[[0m[32m|||||||[0m[1;90m           28.6%[0m[1m][0m [0m[36m  8[0m[1m[[0m[1;90m                    0.0%[0m[1m][0m[36m 12[0m[1m[[0m[1;90m                    0.0%[0m[1m][0m  [0m
[0m  [0m[36m  1[0m[1m[[0m[1;90m                   0.0%[0m[1m][0m [0m[36m  5[0m[1m[[0m[1;90m                   0.0%[0m[1m][0m [0m[36m  9[0m[1m[[0m[1;90m                    0.0%[0m[1m][0m[36m 13[0m[1m[[0m[1;90m                    0.0%[0m[1m][0m  [0m
[0m  [0m[36m  2[0m[1m[[0m[1;90m                   0.0%[0m[1m][0m [0m[36m  6[0m[1m[[0m[32m||||[0m[31m|||||||||||||100.0%[0m[1m][0m [0m[36m 10[0m[1m[[0m[32m|||[0m[1;90m                12.5%[0m[1m][0m[36m 14[0m[1m[[0m[1;90m                    0.0%[0m[1m][0m  [0m
[0m  [0m[36m  3[0m[1m[[0m                                                                                                                  [0m
[0m                                                                                                                        [0m
[0m                                                                                                                        [0m
[0m                                                                                                                        [0m
[0m                                                                                                                        [0m
[0m                                                                                                                        [0m
[0m                                                                                                                        [0m
[0m                                                                                                                        [0m
[0m                                                                                                                        [0m
[0m                                                                                                                        [0m
[0m                                                                                                                        [0m
[0m                                                                                                                        [0m
[0m                                                                                                                        [0m
[0m                                                                                                                        [0m
[0m                                                                                                                        [0m
[0m                                                                                                                        [0m
[0m                                                                                                                        [0m
[0m                                                                                                                        [0m
[0m                                                                                                                        [0m
[0m                                                                                                                        [0m