[0m                                                                                                                        [0m
[0m[1;96mmidterm[0m on [0m[1;95m canvas-tests[0m [0m[1;91m[$!?][0m via [0m[1;96m🐹 v1.23.2 [0m                                                                          [0m
[0m[1;92m❯[0m [0m[38;2;195;167;231mecho[0m[38;2;224;222;243m [0m[38;2;235;188;186mhey[0m[38;2;224;222;243m [0m[38;2;235;188;186mthere[0m[38;2;224;222;243m                                                                                                        [0m
[0mhey there                                                                                                               [0m
[0m                                                                                                                        [0m
[0m[1;96mmidterm[0m on [0m[1;95m canvas-tests[0m [0m[1;91m[$!?][0m via [0m[1;96m🐹 v1.23.2 [0m                                                                          [0m
[0m[1;92m❯[0m [0m[38;2;195;167;231mecho[0m[38;2;224;222;243m [0m[38;2;144;140;170mhey there[0m[38;2;224;222;243m                                                                                                        [0m
[0m                                                                                                                        [0m
[0m                                                                                                                        [0m
[0m                                                                                                                        [0m
[0m                                                                                                                        [0m
[0m                                                                                                                        [0m
[0m                                                                                                                        [0m
[0m                                                                                                                        [0m
[0m                                                                                                                        [0m
[0m                                                                                                                        [0m
[0m                                                                                                                        [0m
[0m                                                                                                                        [0m
[0m                                                                                                                        [0m
[0m                                                                                                                        [0m
[0m                                                                                                                        [0m
[0m                                                                                                                        [0m
[0m                                                                                                                        [0m
[0m                                                                                                                        [0m